Archive member included to satisfy reference by file (symbol)

e:/stm32+clion/gcc-arm-none-eabi-9-2020-q2-update-win32/bin/../lib/gcc/arm-none-eabi/9.3.1/thumb/v7e-m/nofp\libgcc.a(_aeabi_uldivmod.o)
                              CMakeFiles/DEMO2.elf.dir/Drivers/STM32F4xx_HAL_Driver/Src/stm32f4xx_hal_rcc.c.obj (__aeabi_uldivmod)
e:/stm32+clion/gcc-arm-none-eabi-9-2020-q2-update-win32/bin/../lib/gcc/arm-none-eabi/9.3.1/thumb/v7e-m/nofp\libgcc.a(_udivmoddi4.o)
                              e:/stm32+clion/gcc-arm-none-eabi-9-2020-q2-update-win32/bin/../lib/gcc/arm-none-eabi/9.3.1/thumb/v7e-m/nofp\libgcc.a(_aeabi_uldivmod.o) (__udivmoddi4)
e:/stm32+clion/gcc-arm-none-eabi-9-2020-q2-update-win32/bin/../lib/gcc/arm-none-eabi/9.3.1/thumb/v7e-m/nofp\libgcc.a(_dvmd_tls.o)
                              e:/stm32+clion/gcc-arm-none-eabi-9-2020-q2-update-win32/bin/../lib/gcc/arm-none-eabi/9.3.1/thumb/v7e-m/nofp\libgcc.a(_aeabi_uldivmod.o) (__aeabi_ldiv0)
e:/stm32+clion/gcc-arm-none-eabi-9-2020-q2-update-win32/bin/../lib/gcc/arm-none-eabi/9.3.1/../../../../arm-none-eabi/lib/thumb/v7e-m/nofp\libg.a(lib_a-errno.o)
                              CMakeFiles/DEMO2.elf.dir/Core/Src/syscalls.c.obj (__errno)
e:/stm32+clion/gcc-arm-none-eabi-9-2020-q2-update-win32/bin/../lib/gcc/arm-none-eabi/9.3.1/../../../../arm-none-eabi/lib/thumb/v7e-m/nofp\libg.a(lib_a-exit.o)
                              e:/stm32+clion/gcc-arm-none-eabi-9-2020-q2-update-win32/bin/../lib/gcc/arm-none-eabi/9.3.1/../../../../arm-none-eabi/lib/thumb/v7e-m/nofp/crt0.o (exit)
e:/stm32+clion/gcc-arm-none-eabi-9-2020-q2-update-win32/bin/../lib/gcc/arm-none-eabi/9.3.1/../../../../arm-none-eabi/lib/thumb/v7e-m/nofp\libg.a(lib_a-impure.o)
                              e:/stm32+clion/gcc-arm-none-eabi-9-2020-q2-update-win32/bin/../lib/gcc/arm-none-eabi/9.3.1/../../../../arm-none-eabi/lib/thumb/v7e-m/nofp\libg.a(lib_a-exit.o) (_global_impure_ptr)
e:/stm32+clion/gcc-arm-none-eabi-9-2020-q2-update-win32/bin/../lib/gcc/arm-none-eabi/9.3.1/../../../../arm-none-eabi/lib/thumb/v7e-m/nofp\libg.a(lib_a-init.o)
                              e:/stm32+clion/gcc-arm-none-eabi-9-2020-q2-update-win32/bin/../lib/gcc/arm-none-eabi/9.3.1/../../../../arm-none-eabi/lib/thumb/v7e-m/nofp/crt0.o (__libc_init_array)
e:/stm32+clion/gcc-arm-none-eabi-9-2020-q2-update-win32/bin/../lib/gcc/arm-none-eabi/9.3.1/../../../../arm-none-eabi/lib/thumb/v7e-m/nofp\libg.a(lib_a-memset.o)
                              e:/stm32+clion/gcc-arm-none-eabi-9-2020-q2-update-win32/bin/../lib/gcc/arm-none-eabi/9.3.1/../../../../arm-none-eabi/lib/thumb/v7e-m/nofp/crt0.o (memset)
e:/stm32+clion/gcc-arm-none-eabi-9-2020-q2-update-win32/bin/../lib/gcc/arm-none-eabi/9.3.1/../../../../arm-none-eabi/lib/thumb/v7e-m/nofp\libg.a(lib_a-__call_atexit.o)
                              e:/stm32+clion/gcc-arm-none-eabi-9-2020-q2-update-win32/bin/../lib/gcc/arm-none-eabi/9.3.1/../../../../arm-none-eabi/lib/thumb/v7e-m/nofp\libg.a(lib_a-exit.o) (__call_exitprocs)
e:/stm32+clion/gcc-arm-none-eabi-9-2020-q2-update-win32/bin/../lib/gcc/arm-none-eabi/9.3.1/../../../../arm-none-eabi/lib/thumb/v7e-m/nofp\libg.a(lib_a-atexit.o)
                              e:/stm32+clion/gcc-arm-none-eabi-9-2020-q2-update-win32/bin/../lib/gcc/arm-none-eabi/9.3.1/../../../../arm-none-eabi/lib/thumb/v7e-m/nofp\libg.a(lib_a-__call_atexit.o) (atexit)
e:/stm32+clion/gcc-arm-none-eabi-9-2020-q2-update-win32/bin/../lib/gcc/arm-none-eabi/9.3.1/../../../../arm-none-eabi/lib/thumb/v7e-m/nofp\libg.a(lib_a-fini.o)
                              e:/stm32+clion/gcc-arm-none-eabi-9-2020-q2-update-win32/bin/../lib/gcc/arm-none-eabi/9.3.1/../../../../arm-none-eabi/lib/thumb/v7e-m/nofp\libg.a(lib_a-__call_atexit.o) (__libc_fini_array)
e:/stm32+clion/gcc-arm-none-eabi-9-2020-q2-update-win32/bin/../lib/gcc/arm-none-eabi/9.3.1/../../../../arm-none-eabi/lib/thumb/v7e-m/nofp\libg.a(lib_a-lock.o)
                              e:/stm32+clion/gcc-arm-none-eabi-9-2020-q2-update-win32/bin/../lib/gcc/arm-none-eabi/9.3.1/../../../../arm-none-eabi/lib/thumb/v7e-m/nofp\libg.a(lib_a-__call_atexit.o) (__retarget_lock_acquire_recursive)
e:/stm32+clion/gcc-arm-none-eabi-9-2020-q2-update-win32/bin/../lib/gcc/arm-none-eabi/9.3.1/../../../../arm-none-eabi/lib/thumb/v7e-m/nofp\libg.a(lib_a-__atexit.o)
                              e:/stm32+clion/gcc-arm-none-eabi-9-2020-q2-update-win32/bin/../lib/gcc/arm-none-eabi/9.3.1/../../../../arm-none-eabi/lib/thumb/v7e-m/nofp\libg.a(lib_a-atexit.o) (__register_exitproc)

Allocating common symbols
Common symbol       size              file

__lock___atexit_recursive_mutex
                    0x1               e:/stm32+clion/gcc-arm-none-eabi-9-2020-q2-update-win32/bin/../lib/gcc/arm-none-eabi/9.3.1/../../../../arm-none-eabi/lib/thumb/v7e-m/nofp\libg.a(lib_a-lock.o)
__lock___arc4random_mutex
[...]
Memory Configuration

Name             Origin             Length             Attributes
RAM              0x20000000         0x00020000         xrw
CCMRAM           0x10000000         0x00010000         xrw
FLASH            0x08000000         0x00100000         xr
*default*        0x00000000         0xffffffff

Linker script and memory map

LOAD e:/stm32+clion/gcc-arm-none-eabi-9-2020-q2-update-win32/bin/../lib/gcc/arm-none-eabi/9.3.1/thumb/v7e-m/nofp/crti.o
LOAD e:/stm32+clion/gcc-arm-none-eabi-9-2020-q2-update-win32/bin/../lib/gcc/arm-none-eabi/9.3.1/thumb/v7e-m/nofp/crtbegin.o
LOAD e:/stm32+clion/gcc-arm-none-eabi-9-2020-q2-update-win32/bin/../lib/gcc/arm-none-eabi/9.3.1/../../../../arm-none-eabi/lib/thumb/v7e-m/nofp/crt0.o
LOAD CMakeFiles/DEMO2.elf.dir/Core/Board_task/bsp_buzzer.c.obj
LOAD CMakeFiles/DEMO2.elf.dir/Core/Board_task/bsp_key.c.obj
LOAD CMakeFiles/DEMO2.elf.dir/Core/Board_task/bsp_led.c.obj
LOAD CMakeFiles/DEMO2.elf.dir/Core/Board_task/bsp_rc.c.obj
LOAD CMakeFiles/DEMO2.elf.dir/Core/Src/dma.c.obj
LOAD CMakeFiles/DEMO2.elf.dir/Core/Src/gpio.c.obj
LOAD CMakeFiles/DEMO2.elf.dir/Core/Src/main.c.obj
LOAD CMakeFiles/DEMO2.elf.dir/Core/Src/stm32f4xx_hal_msp.c.obj
LOAD CMakeFiles/DEMO2.elf.dir/Core/Src/stm32f4xx_it.c.obj
LOAD CMakeFiles/DEMO2.elf.dir/Core/Src/syscalls.c.obj
LOAD CMakeFiles/DEMO2.elf.dir/Core/Src/system_stm32f4xx.c.obj
LOAD CMakeFiles/DEMO2.elf.dir/Core/Src/tim.c.obj
LOAD CMakeFiles/DEMO2.elf.dir/Core/Src/usart.c.obj
LOAD CMakeFiles/DEMO2.elf.dir/Drivers/STM32F4xx_HAL_Driver/Src/stm32f4xx_hal.c.obj
LOAD CMakeFiles/DEMO2.elf.dir/Drivers/STM32F4xx_HAL_Driver/Src/stm32f4xx_hal_cortex.c.obj
LOAD CMakeFiles/DEMO2.elf.dir/Drivers/STM32F4xx_HAL_Driver/Src/stm32f4xx_hal_dma.c.obj
LOAD CMakeFiles/DEMO2.elf.dir/Drivers/STM32F4xx_HAL_Driver/Src/stm32f4xx_hal_dma_ex.c.obj
LOAD CMakeFiles/DEMO2.elf.dir/Drivers/STM32F4xx_HAL_Driver/Src/stm32f4xx_hal_exti.c.obj
LOAD CMakeFiles/DEMO2.elf.dir/Drivers/STM32F4xx_HAL_Driver/Src/stm32f4xx_hal_flash.c.obj
LOAD CMakeFiles/DEMO2.elf.dir/Drivers/STM32F4xx_HAL_Driver/Src/stm32f4xx_hal_flash_ex.c.obj
LOAD CMakeFiles/DEMO2.elf.dir/Drivers/STM32F4xx_HAL_Driver/Src/stm32f4xx_hal_flash_ramfunc.c.obj
LOAD CMakeFiles/DEMO2.elf.dir/Drivers/STM32F4xx_HAL_Driver/Src/stm32f4xx_hal_gpio.c.obj
LOAD CMakeFiles/DEMO2.elf.dir/Drivers/STM32F4xx_HAL_Driver/Src/stm32f4xx_hal_pwr.c.obj
LOAD CMakeFiles/DEMO2.elf.dir/Drivers/STM32F4xx_HAL_Driver/Src/stm32f4xx_hal_pwr_ex.c.obj
LOAD CMakeFiles/DEMO2.elf.dir/Drivers/STM32F4xx_HAL_Driver/Src/stm32f4xx_hal_rcc.c.obj
LOAD CMakeFiles/DEMO2.elf.dir/Drivers/STM32F4xx_HAL_Driver/Src/stm32f4xx_hal_rcc_ex.c.obj
LOAD CMakeFiles/DEMO2.elf.dir/Drivers/STM32F4xx_HAL_Driver/Src/stm32f4xx_hal_tim.c.obj
LOAD CMakeFiles/DEMO2.elf.dir/Drivers/STM32F4xx_HAL_Driver/Src/stm32f4xx_hal_tim_ex.c.obj
LOAD CMakeFiles/DEMO2.elf.dir/Drivers/STM32F4xx_HAL_Driver/Src/stm32f4xx_hal_uart.c.obj
LOAD CMakeFiles/DEMO2.elf.dir/startup/startup_stm32f407xx.s.obj
START GROUP
LOAD e:/stm32+clion/gcc-arm-none-eabi-9-2020-q2-update-win32/bin/../lib/gcc/arm-none-eabi/9.3.1/thumb/v7e-m/nofp\libgcc.a
LOAD e:/stm32+clion/gcc-arm-none-eabi-9-2020-q2-update-win32/bin/../lib/gcc/arm-none-eabi/9.3.1/../../../../arm-none-eabi/lib/thumb/v7e-m/nofp\libg.a
LOAD e:/stm32+clion/gcc-arm-none-eabi-9-2020-q2-update-win32/bin/../lib/gcc/arm-none-eabi/9.3.1/../../../../arm-none-eabi/lib/thumb/v7e-m/nofp\libc.a
END GROUP
LOAD e:/stm32+clion/gcc-arm-none-eabi-9-2020-q2-update-win32/bin/../lib/gcc/arm-none-eabi/9.3.1/thumb/v7e-m/nofp/crtend.o
LOAD e:/stm32+clion/gcc-arm-none-eabi-9-2020-q2-update-win32/bin/../lib/gcc/arm-none-eabi/9.3.1/thumb/v7e-m/nofp/crtn.o
                0x20020000                _estack = 0x20020000
                0x00000200                _Min_Heap_Size = 0x200
                0x00000400                _Min_Stack_Size = 0x400

.isr_vector     0x08000000      0x188
                0x08000000                . = ALIGN (0x4)
 *(.isr_vector)
 .isr_vector    0x08000000      0x188 CMakeFiles/DEMO2.elf.dir/startup/startup_stm32f407xx.s.obj
                0x08000000                g_pfnVectors
                0x08000188                . = ALIGN (0x4)

.text           0x08000188     0x2590
                0x08000188                . = ALIGN (0x4)
 *(.text)
 .text          0x08000188       0x40 e:/stm32+clion/gcc-arm-none-eabi-9-2020-q2-update-win32/bin/../lib/gcc/arm-none-eabi/9.3.1/thumb/v7e-m/nofp/crtbegin.o
 .text          0x080001c8       0x30 e:/stm32+clion/gcc-arm-none-eabi-9-2020-q2-update-win32/bin/../lib/gcc/arm-none-eabi/9.3.1/thumb/v7e-m/nofp\libgcc.a(_aeabi_uldivmod.o)
                0x080001c8                __aeabi_uldivmod
 .text          0x080001f8      0x2c0 e:/stm32+clion/gcc-arm-none-eabi-9-2020-q2-update-win32/bin/../lib/gcc/arm-none-eabi/9.3.1/thumb/v7e-m/nofp\libgcc.a(_udivmoddi4.o)
                0x080001f8                __udivmoddi4
 .text          0x080004b8        0x4 e:/stm32+clion/gcc-arm-none-eabi-9-2020-q2-update-win32/bin/../lib/gcc/arm-none-eabi/9.3.1/thumb/v7e-m/nofp\libgcc.a(_dvmd_tls.o)
                0x080004b8                __aeabi_idiv0
                0x080004b8                __aeabi_ldiv0
 *(.text*)
 .text.HAL_GPIO_EXTI_Callback
                0x080004bc       0x30 CMakeFiles/DEMO2.elf.dir/Core/Board_task/bsp_key.c.obj
                0x080004bc                HAL_GPIO_EXTI_Callback
 .text.MX_DMA_Init
                0x080004ec       0x58 CMakeFiles/DEMO2.elf.dir/Core/Src/dma.c.obj
                0x080004ec                MX_DMA_Init
 .text.MX_GPIO_Init
                0x08000544       0xd0 CMakeFiles/DEMO2.elf.dir/Core/Src/gpio.c.obj
                0x08000544                MX_GPIO_Init
 .text.SystemClock_Config
                0x08000614       0x98 CMakeFiles/DEMO2.elf.dir/Core/Src/main.c.obj
                0x08000614                SystemClock_Config
 .text.main     0x080006ac       0x44 CMakeFiles/DEMO2.elf.dir/Core/Src/main.c.obj
                0x080006ac                main
 .text.Error_Handler
                0x080006f0        0x2 CMakeFiles/DEMO2.elf.dir/Core/Src/main.c.obj
                0x080006f0                Error_Handler
 *fill*         0x080006f2        0x2 
 .text.HAL_MspInit
                0x080006f4       0x38 CMakeFiles/DEMO2.elf.dir/Core/Src/stm32f4xx_hal_msp.c.obj
                0x080006f4                HAL_MspInit
 .text.NMI_Handler
                0x0800072c        0x2 CMakeFiles/DEMO2.elf.dir/Core/Src/stm32f4xx_it.c.obj
                0x0800072c                NMI_Handler
 .text.HardFault_Handler
                0x0800072e        0x2 CMakeFiles/DEMO2.elf.dir/Core/Src/stm32f4xx_it.c.obj
                0x0800072e                HardFault_Handler
 .text.MemManage_Handler
                0x08000730        0x2 CMakeFiles/DEMO2.elf.dir/Core/Src/stm32f4xx_it.c.obj
                0x08000730                MemManage_Handler
 .text.BusFault_Handler
                0x08000732        0x2 CMakeFiles/DEMO2.elf.dir/Core/Src/stm32f4xx_it.c.obj
                0x08000732                BusFault_Handler
 .text.UsageFault_Handler
                0x08000734        0x2 CMakeFiles/DEMO2.elf.dir/Core/Src/stm32f4xx_it.c.obj
                0x08000734                UsageFault_Handler
 .text.SVC_Handler
                0x08000736        0x2 CMakeFiles/DEMO2.elf.dir/Core/Src/stm32f4xx_it.c.obj
                0x08000736                SVC_Handler
 .text.DebugMon_Handler
                0x08000738        0x2 CMakeFiles/DEMO2.elf.dir/Core/Src/stm32f4xx_it.c.obj
                0x08000738                DebugMon_Handler
 .text.PendSV_Handler
                0x0800073a        0x2 CMakeFiles/DEMO2.elf.dir/Core/Src/stm32f4xx_it.c.obj
                0x0800073a                PendSV_Handler
 .text.SysTick_Handler
                0x0800073c        0x8 CMakeFiles/DEMO2.elf.dir/Core/Src/stm32f4xx_it.c.obj
                0x0800073c                SysTick_Handler
 .text.EXTI0_IRQHandler
                0x08000744        0xa CMakeFiles/DEMO2.elf.dir/Core/Src/stm32f4xx_it.c.obj
                0x08000744                EXTI0_IRQHandler
 *fill*         0x0800074e        0x2 
 .text.DMA1_Stream1_IRQHandler
                0x08000750       0x10 CMakeFiles/DEMO2.elf.dir/Core/Src/stm32f4xx_it.c.obj
                0x08000750                DMA1_Stream1_IRQHandler
 .text.TIM1_UP_TIM10_IRQHandler
                0x08000760       0x10 CMakeFiles/DEMO2.elf.dir/Core/Src/stm32f4xx_it.c.obj
                0x08000760                TIM1_UP_TIM10_IRQHandler
 .text.USART1_IRQHandler
                0x08000770       0x10 CMakeFiles/DEMO2.elf.dir/Core/Src/stm32f4xx_it.c.obj
                0x08000770                USART1_IRQHandler
 .text.DMA2_Stream7_IRQHandler
                0x08000780       0x10 CMakeFiles/DEMO2.elf.dir/Core/Src/stm32f4xx_it.c.obj
                0x08000780                DMA2_Stream7_IRQHandler
 .text.SystemInit
                0x08000790       0x10 CMakeFiles/DEMO2.elf.dir/Core/Src/system_stm32f4xx.c.obj
                0x08000790                SystemInit
 .text.MX_TIM1_Init
                0x080007a0       0x74 CMakeFiles/DEMO2.elf.dir/Core/Src/tim.c.obj
                0x080007a0                MX_TIM1_Init
 .text.HAL_TIM_Base_MspInit
                0x08000814       0x68 CMakeFiles/DEMO2.elf.dir/Core/Src/tim.c.obj
                0x08000814                HAL_TIM_Base_MspInit
 .text.HAL_TIM_MspPostInit
                0x0800087c       0x5c CMakeFiles/DEMO2.elf.dir/Core/Src/tim.c.obj
                0x0800087c                HAL_TIM_MspPostInit
 .text.MX_TIM4_Init
                0x080008d8       0xac CMakeFiles/DEMO2.elf.dir/Core/Src/tim.c.obj
                0x080008d8                MX_TIM4_Init
 .text.MX_USART1_UART_Init
                0x08000984       0x34 CMakeFiles/DEMO2.elf.dir/Core/Src/usart.c.obj
                0x08000984                MX_USART1_UART_Init
 .text.MX_USART3_UART_Init
                0x080009b8       0x38 CMakeFiles/DEMO2.elf.dir/Core/Src/usart.c.obj
                0x080009b8                MX_USART3_UART_Init
 .text.HAL_UART_MspInit
                0x080009f0      0x158 CMakeFiles/DEMO2.elf.dir/Core/Src/usart.c.obj
                0x080009f0                HAL_UART_MspInit
 .text.HAL_InitTick
                0x08000b48       0x4c CMakeFiles/DEMO2.elf.dir/Drivers/STM32F4xx_HAL_Driver/Src/stm32f4xx_hal.c.obj
                0x08000b48                HAL_InitTick
 .text.HAL_Init
                0x08000b94       0x34 CMakeFiles/DEMO2.elf.dir/Drivers/STM32F4xx_HAL_Driver/Src/stm32f4xx_hal.c.obj
                0x08000b94                HAL_Init
 .text.HAL_IncTick
                0x08000bc8       0x18 CMakeFiles/DEMO2.elf.dir/Drivers/STM32F4xx_HAL_Driver/Src/stm32f4xx_hal.c.obj
                0x08000bc8                HAL_IncTick
 .text.HAL_GetTick
                0x08000be0        0xc CMakeFiles/DEMO2.elf.dir/Drivers/STM32F4xx_HAL_Driver/Src/stm32f4xx_hal.c.obj
                0x08000be0                HAL_GetTick
 .text.HAL_NVIC_SetPriorityGrouping
                0x08000bec       0x24 CMakeFiles/DEMO2.elf.dir/Drivers/STM32F4xx_HAL_Driver/Src/stm32f4xx_hal_cortex.c.obj
                0x08000bec                HAL_NVIC_SetPriorityGrouping
 .text.HAL_NVIC_SetPriority
                0x08000c10       0x68 CMakeFiles/DEMO2.elf.dir/Drivers/STM32F4xx_HAL_Driver/Src/stm32f4xx_hal_cortex.c.obj
                0x08000c10                HAL_NVIC_SetPriority
 .text.HAL_NVIC_EnableIRQ
                0x08000c78       0x1c CMakeFiles/DEMO2.elf.dir/Drivers/STM32F4xx_HAL_Driver/Src/stm32f4xx_hal_cortex.c.obj
                0x08000c78                HAL_NVIC_EnableIRQ
 .text.HAL_SYSTICK_Config
                0x08000c94       0x2c CMakeFiles/DEMO2.elf.dir/Drivers/STM32F4xx_HAL_Driver/Src/stm32f4xx_hal_cortex.c.obj
                0x08000c94                HAL_SYSTICK_Config
 .text.DMA_CalcBaseAndBitshift
                0x08000cc0       0x40 CMakeFiles/DEMO2.elf.dir/Drivers/STM32F4xx_HAL_Driver/Src/stm32f4xx_hal_dma.c.obj
 .text.DMA_CheckFifoParam
                0x08000d00       0x8e CMakeFiles/DEMO2.elf.dir/Drivers/STM32F4xx_HAL_Driver/Src/stm32f4xx_hal_dma.c.obj
 *fill*         0x08000d8e        0x2 
 .text.HAL_DMA_Init
                0x08000d90       0xcc CMakeFiles/DEMO2.elf.dir/Drivers/STM32F4xx_HAL_Driver/Src/stm32f4xx_hal_dma.c.obj
                0x08000d90                HAL_DMA_Init
 .text.HAL_DMA_Abort_IT
                0x08000e5c       0x26 CMakeFiles/DEMO2.elf.dir/Drivers/STM32F4xx_HAL_Driver/Src/stm32f4xx_hal_dma.c.obj
                0x08000e5c                HAL_DMA_Abort_IT
 *fill*         0x08000e82        0x2 
 .text.HAL_DMA_IRQHandler
                0x08000e84      0x1dc CMakeFiles/DEMO2.elf.dir/Drivers/STM32F4xx_HAL_Driver/Src/stm32f4xx_hal_dma.c.obj
                0x08000e84                HAL_DMA_IRQHandler
 .text.HAL_GPIO_Init
                0x08001060      0x1cc CMakeFiles/DEMO2.elf.dir/Drivers/STM32F4xx_HAL_Driver/Src/stm32f4xx_hal_gpio.c.obj
                0x08001060                HAL_GPIO_Init
 .text.HAL_GPIO_ReadPin
                0x0800122c        0xe CMakeFiles/DEMO2.elf.dir/Drivers/STM32F4xx_HAL_Driver/Src/stm32f4xx_hal_gpio.c.obj
                0x0800122c                HAL_GPIO_ReadPin
 .text.HAL_GPIO_WritePin
                0x0800123a        0xc CMakeFiles/DEMO2.elf.dir/Drivers/STM32F4xx_HAL_Driver/Src/stm32f4xx_hal_gpio.c.obj
                0x0800123a                HAL_GPIO_WritePin
 *fill*         0x08001246        0x2 
 .text.HAL_GPIO_EXTI_IRQHandler
                0x08001248       0x1c CMakeFiles/DEMO2.elf.dir/Drivers/STM32F4xx_HAL_Driver/Src/stm32f4xx_hal_gpio.c.obj
                0x08001248                HAL_GPIO_EXTI_IRQHandler
 .text.HAL_RCC_OscConfig
                0x08001264      0x3ec CMakeFiles/DEMO2.elf.dir/Drivers/STM32F4xx_HAL_Driver/Src/stm32f4xx_hal_rcc.c.obj
                0x08001264                HAL_RCC_OscConfig
 .text.HAL_RCC_GetSysClockFreq
                0x08001650       0xa0 CMakeFiles/DEMO2.elf.dir/Drivers/STM32F4xx_HAL_Driver/Src/stm32f4xx_hal_rcc.c.obj
                0x08001650                HAL_RCC_GetSysClockFreq
 .text.HAL_RCC_ClockConfig
                0x080016f0      0x160 CMakeFiles/DEMO2.elf.dir/Drivers/STM32F4xx_HAL_Driver/Src/stm32f4xx_hal_rcc.c.obj
                0x080016f0                HAL_RCC_ClockConfig
 .text.HAL_RCC_GetHCLKFreq
                0x08001850        0xc CMakeFiles/DEMO2.elf.dir/Drivers/STM32F4xx_HAL_Driver/Src/stm32f4xx_hal_rcc.c.obj
                0x08001850                HAL_RCC_GetHCLKFreq
 .text.HAL_RCC_GetPCLK1Freq
                0x0800185c       0x20 CMakeFiles/DEMO2.elf.dir/Drivers/STM32F4xx_HAL_Driver/Src/stm32f4xx_hal_rcc.c.obj
                0x0800185c                HAL_RCC_GetPCLK1Freq
 .text.HAL_RCC_GetPCLK2Freq
                0x0800187c       0x20 CMakeFiles/DEMO2.elf.dir/Drivers/STM32F4xx_HAL_Driver/Src/stm32f4xx_hal_rcc.c.obj
                0x0800187c                HAL_RCC_GetPCLK2Freq
 .text.TIM_OC1_SetConfig
                0x0800189c       0x68 CMakeFiles/DEMO2.elf.dir/Drivers/STM32F4xx_HAL_Driver/Src/stm32f4xx_hal_tim.c.obj
 .text.TIM_OC3_SetConfig
                0x08001904       0x70 CMakeFiles/DEMO2.elf.dir/Drivers/STM32F4xx_HAL_Driver/Src/stm32f4xx_hal_tim.c.obj
 .text.TIM_OC4_SetConfig
                0x08001974       0x50 CMakeFiles/DEMO2.elf.dir/Drivers/STM32F4xx_HAL_Driver/Src/stm32f4xx_hal_tim.c.obj
 .text.TIM_TI1_ConfigInputStage
                0x080019c4       0x24 CMakeFiles/DEMO2.elf.dir/Drivers/STM32F4xx_HAL_Driver/Src/stm32f4xx_hal_tim.c.obj
 .text.TIM_TI2_ConfigInputStage
                0x080019e8       0x26 CMakeFiles/DEMO2.elf.dir/Drivers/STM32F4xx_HAL_Driver/Src/stm32f4xx_hal_tim.c.obj
 .text.TIM_ITRx_SetConfig
                0x08001a0e       0x10 CMakeFiles/DEMO2.elf.dir/Drivers/STM32F4xx_HAL_Driver/Src/stm32f4xx_hal_tim.c.obj
 .text.HAL_TIM_Base_Start
                0x08001a1e       0x24 CMakeFiles/DEMO2.elf.dir/Drivers/STM32F4xx_HAL_Driver/Src/stm32f4xx_hal_tim.c.obj
                0x08001a1e                HAL_TIM_Base_Start
 .text.HAL_TIM_PWM_MspInit
                0x08001a42        0x2 CMakeFiles/DEMO2.elf.dir/Drivers/STM32F4xx_HAL_Driver/Src/stm32f4xx_hal_tim.c.obj
                0x08001a42                HAL_TIM_PWM_MspInit
 .text.HAL_TIM_PeriodElapsedCallback
                0x08001a44        0x2 CMakeFiles/DEMO2.elf.dir/Drivers/STM32F4xx_HAL_Driver/Src/stm32f4xx_hal_tim.c.obj
                0x08001a44                HAL_TIM_PeriodElapsedCallback
 .text.HAL_TIM_OC_DelayElapsedCallback
                0x08001a46        0x2 CMakeFiles/DEMO2.elf.dir/Drivers/STM32F4xx_HAL_Driver/Src/stm32f4xx_hal_tim.c.obj
                0x08001a46                HAL_TIM_OC_DelayElapsedCallback
 .text.HAL_TIM_IC_CaptureCallback
                0x08001a48        0x2 CMakeFiles/DEMO2.elf.dir/Drivers/STM32F4xx_HAL_Driver/Src/stm32f4xx_hal_tim.c.obj
                0x08001a48                HAL_TIM_IC_CaptureCallback
 .text.HAL_TIM_PWM_PulseFinishedCallback
                0x08001a4a        0x2 CMakeFiles/DEMO2.elf.dir/Drivers/STM32F4xx_HAL_Driver/Src/stm32f4xx_hal_tim.c.obj
                0x08001a4a                HAL_TIM_PWM_PulseFinishedCallback
 .text.HAL_TIM_TriggerCallback
                0x08001a4c        0x2 CMakeFiles/DEMO2.elf.dir/Drivers/STM32F4xx_HAL_Driver/Src/stm32f4xx_hal_tim.c.obj
                0x08001a4c                HAL_TIM_TriggerCallback
 .text.HAL_TIM_IRQHandler
                0x08001a4e      0x17a CMakeFiles/DEMO2.elf.dir/Drivers/STM32F4xx_HAL_Driver/Src/stm32f4xx_hal_tim.c.obj
                0x08001a4e                HAL_TIM_IRQHandler
 .text.TIM_Base_SetConfig
                0x08001bc8       0xc8 CMakeFiles/DEMO2.elf.dir/Drivers/STM32F4xx_HAL_Driver/Src/stm32f4xx_hal_tim.c.obj
                0x08001bc8                TIM_Base_SetConfig
 .text.HAL_TIM_Base_Init
                0x08001c90       0x34 CMakeFiles/DEMO2.elf.dir/Drivers/STM32F4xx_HAL_Driver/Src/stm32f4xx_hal_tim.c.obj
                0x08001c90                HAL_TIM_Base_Init
 .text.HAL_TIM_PWM_Init
                0x08001cc4       0x34 CMakeFiles/DEMO2.elf.dir/Drivers/STM32F4xx_HAL_Driver/Src/stm32f4xx_hal_tim.c.obj
                0x08001cc4                HAL_TIM_PWM_Init
 .text.TIM_OC2_SetConfig
                0x08001cf8       0x70 CMakeFiles/DEMO2.elf.dir/Drivers/STM32F4xx_HAL_Driver/Src/stm32f4xx_hal_tim.c.obj
                0x08001cf8                TIM_OC2_SetConfig
 .text.HAL_TIM_PWM_ConfigChannel
                0x08001d68       0xdc CMakeFiles/DEMO2.elf.dir/Drivers/STM32F4xx_HAL_Driver/Src/stm32f4xx_hal_tim.c.obj
                0x08001d68                HAL_TIM_PWM_ConfigChannel
 .text.TIM_ETR_SetConfig
                0x08001e44       0x16 CMakeFiles/DEMO2.elf.dir/Drivers/STM32F4xx_HAL_Driver/Src/stm32f4xx_hal_tim.c.obj
                0x08001e44                TIM_ETR_SetConfig
 .text.HAL_TIM_ConfigClockSource
                0x08001e5a       0xda CMakeFiles/DEMO2.elf.dir/Drivers/STM32F4xx_HAL_Driver/Src/stm32f4xx_hal_tim.c.obj
                0x08001e5a                HAL_TIM_ConfigClockSource
 .text.TIM_CCxChannelCmd
                0x08001f34       0x22 CMakeFiles/DEMO2.elf.dir/Drivers/STM32F4xx_HAL_Driver/Src/stm32f4xx_hal_tim.c.obj
                0x08001f34                TIM_CCxChannelCmd
 *fill*         0x08001f56        0x2 
 .text.HAL_TIM_PWM_Start
                0x08001f58       0x40 CMakeFiles/DEMO2.elf.dir/Drivers/STM32F4xx_HAL_Driver/Src/stm32f4xx_hal_tim.c.obj
                0x08001f58                HAL_TIM_PWM_Start
 .text.HAL_TIMEx_MasterConfigSynchronization
                0x08001f98       0x88 CMakeFiles/DEMO2.elf.dir/Drivers/STM32F4xx_HAL_Driver/Src/stm32f4xx_hal_tim_ex.c.obj
                0x08001f98                HAL_TIMEx_MasterConfigSynchronization
 .text.HAL_TIMEx_CommutCallback
                0x08002020        0x2 CMakeFiles/DEMO2.elf.dir/Drivers/STM32F4xx_HAL_Driver/Src/stm32f4xx_hal_tim_ex.c.obj
                0x08002020                HAL_TIMEx_CommutCallback
 .text.HAL_TIMEx_BreakCallback
                0x08002022        0x2 CMakeFiles/DEMO2.elf.dir/Drivers/STM32F4xx_HAL_Driver/Src/stm32f4xx_hal_tim_ex.c.obj
                0x08002022                HAL_TIMEx_BreakCallback
 .text.UART_EndRxTransfer
                0x08002024       0x1c CMakeFiles/DEMO2.elf.dir/Drivers/STM32F4xx_HAL_Driver/Src/stm32f4xx_hal_uart.c.obj
 .text.UART_Transmit_IT
                0x08002040       0x66 CMakeFiles/DEMO2.elf.dir/Drivers/STM32F4xx_HAL_Driver/Src/stm32f4xx_hal_uart.c.obj
 *fill*         0x080020a6        0x2 
 .text.UART_SetConfig
                0x080020a8      0x1e8 CMakeFiles/DEMO2.elf.dir/Drivers/STM32F4xx_HAL_Driver/Src/stm32f4xx_hal_uart.c.obj
 .text.HAL_UART_Init
                0x08002290       0x5e CMakeFiles/DEMO2.elf.dir/Drivers/STM32F4xx_HAL_Driver/Src/stm32f4xx_hal_uart.c.obj
                0x08002290                HAL_UART_Init
 .text.HAL_UART_TxCpltCallback
                0x080022ee        0x2 CMakeFiles/DEMO2.elf.dir/Drivers/STM32F4xx_HAL_Driver/Src/stm32f4xx_hal_uart.c.obj
                0x080022ee                HAL_UART_TxCpltCallback
 .text.UART_EndTransmit_IT
                0x080022f0       0x1a CMakeFiles/DEMO2.elf.dir/Drivers/STM32F4xx_HAL_Driver/Src/stm32f4xx_hal_uart.c.obj
 .text.HAL_UART_RxCpltCallback
                0x0800230a        0x2 CMakeFiles/DEMO2.elf.dir/Drivers/STM32F4xx_HAL_Driver/Src/stm32f4xx_hal_uart.c.obj
                0x0800230a                HAL_UART_RxCpltCallback
 .text.UART_Receive_IT
                0x0800230c       0x9e CMakeFiles/DEMO2.elf.dir/Drivers/STM32F4xx_HAL_Driver/Src/stm32f4xx_hal_uart.c.obj
 .text.HAL_UART_ErrorCallback
                0x080023aa        0x2 CMakeFiles/DEMO2.elf.dir/Drivers/STM32F4xx_HAL_Driver/Src/stm32f4xx_hal_uart.c.obj
                0x080023aa                HAL_UART_ErrorCallback
 .text.HAL_UART_IRQHandler
                0x080023ac      0x128 CMakeFiles/DEMO2.elf.dir/Drivers/STM32F4xx_HAL_Driver/Src/stm32f4xx_hal_uart.c.obj
                0x080023ac                HAL_UART_IRQHandler
 .text.UART_DMAAbortOnError
                0x080024d4       0x10 CMakeFiles/DEMO2.elf.dir/Drivers/STM32F4xx_HAL_Driver/Src/stm32f4xx_hal_uart.c.obj
 .text.Reset_Handler
                0x080024e4       0x50 CMakeFiles/DEMO2.elf.dir/startup/startup_stm32f407xx.s.obj
                0x080024e4                Reset_Handler
 .text.Default_Handler
                0x08002534        0x2 CMakeFiles/DEMO2.elf.dir/startup/startup_stm32f407xx.s.obj
                0x08002534                RTC_Alarm_IRQHandler
                0x08002534                HASH_RNG_IRQHandler
                0x08002534                EXTI2_IRQHandler
                0x08002534                TIM8_CC_IRQHandler
                0x08002534                TIM1_CC_IRQHandler
                0x08002534                DMA2_Stream5_IRQHandler
                0x08002534                DMA1_Stream5_IRQHandler
                0x08002534                PVD_IRQHandler
                0x08002534                SDIO_IRQHandler
                0x08002534                TAMP_STAMP_IRQHandler
                0x08002534                CAN2_RX1_IRQHandler
                0x08002534                EXTI3_IRQHandler
                0x08002534                TIM8_TRG_COM_TIM14_IRQHandler
                0x08002534                TIM8_UP_TIM13_IRQHandler
                0x08002534                I2C3_ER_IRQHandler
                0x08002534                I2C2_EV_IRQHandler
                0x08002534                DMA1_Stream2_IRQHandler
                0x08002534                CAN1_RX0_IRQHandler
                0x08002534                FPU_IRQHandler
                0x08002534                OTG_HS_WKUP_IRQHandler
                0x08002534                CAN2_SCE_IRQHandler
                0x08002534                DMA2_Stream2_IRQHandler
                0x08002534                SPI1_IRQHandler
                0x08002534                TIM6_DAC_IRQHandler
                0x08002534                TIM1_BRK_TIM9_IRQHandler
                0x08002534                DCMI_IRQHandler
                0x08002534                CAN2_RX0_IRQHandler
                0x08002534                DMA2_Stream3_IRQHandler
                0x08002534                USART6_IRQHandler
                0x08002534                USART3_IRQHandler
                0x08002534                CAN1_RX1_IRQHandler
                0x08002534                UART5_IRQHandler
                0x08002534                DMA2_Stream0_IRQHandler
                0x08002534                TIM4_IRQHandler
                0x08002534                I2C1_EV_IRQHandler
                0x08002534                DMA1_Stream6_IRQHandler
                0x08002534                UART4_IRQHandler
                0x08002534                TIM3_IRQHandler
                0x08002534                RCC_IRQHandler
                0x08002534                TIM8_BRK_TIM12_IRQHandler
                0x08002534                Default_Handler
                0x08002534                EXTI15_10_IRQHandler
                0x08002534                ADC_IRQHandler
                0x08002534                DMA1_Stream7_IRQHandler
                0x08002534                TIM7_IRQHandler
                0x08002534                CAN2_TX_IRQHandler
                0x08002534                TIM5_IRQHandler
                0x08002534                I2C3_EV_IRQHandler
                0x08002534                EXTI9_5_IRQHandler
                0x08002534                RTC_WKUP_IRQHandler
                0x08002534                ETH_WKUP_IRQHandler
                0x08002534                SPI2_IRQHandler
                0x08002534                OTG_HS_EP1_IN_IRQHandler
                0x08002534                DMA1_Stream0_IRQHandler
                0x08002534                CAN1_TX_IRQHandler
                0x08002534                EXTI4_IRQHandler
                0x08002534                FSMC_IRQHandler
                0x08002534                ETH_IRQHandler
                0x08002534                OTG_HS_EP1_OUT_IRQHandler
                0x08002534                WWDG_IRQHandler
                0x08002534                TIM2_IRQHandler
                0x08002534                OTG_FS_WKUP_IRQHandler
                0x08002534                TIM1_TRG_COM_TIM11_IRQHandler
                0x08002534                OTG_HS_IRQHandler
                0x08002534                EXTI1_IRQHandler
                0x08002534                USART2_IRQHandler
                0x08002534                I2C2_ER_IRQHandler
                0x08002534                DMA2_Stream1_IRQHandler
                0x08002534                CAN1_SCE_IRQHandler
                0x08002534                FLASH_IRQHandler
                0x08002534                DMA2_Stream4_IRQHandler
                0x08002534                OTG_FS_IRQHandler
                0x08002534                SPI3_IRQHandler
                0x08002534                DMA1_Stream4_IRQHandler
                0x08002534                I2C1_ER_IRQHandler
                0x08002534                DMA2_Stream6_IRQHandler
                0x08002534                DMA1_Stream3_IRQHandler
 *fill*         0x08002536        0x2 
 .text.__libc_init_array
                0x08002538       0x48 e:/stm32+clion/gcc-arm-none-eabi-9-2020-q2-update-win32/bin/../lib/gcc/arm-none-eabi/9.3.1/../../../../arm-none-eabi/lib/thumb/v7e-m/nofp\libg.a(lib_a-init.o)
                0x08002538                __libc_init_array
 .text.memset   0x08002580       0xa0 e:/stm32+clion/gcc-arm-none-eabi-9-2020-q2-update-win32/bin/../lib/gcc/arm-none-eabi/9.3.1/../../../../arm-none-eabi/lib/thumb/v7e-m/nofp\libg.a(lib_a-memset.o)
                0x08002580                memset
 .text.startup.register_fini
                0x08002620       0x14 e:/stm32+clion/gcc-arm-none-eabi-9-2020-q2-update-win32/bin/../lib/gcc/arm-none-eabi/9.3.1/../../../../arm-none-eabi/lib/thumb/v7e-m/nofp\libg.a(lib_a-__call_atexit.o)
 .text.atexit   0x08002634        0xc e:/stm32+clion/gcc-arm-none-eabi-9-2020-q2-update-win32/bin/../lib/gcc/arm-none-eabi/9.3.1/../../../../arm-none-eabi/lib/thumb/v7e-m/nofp\libg.a(lib_a-atexit.o)
                0x08002634                atexit
 .text.__libc_fini_array
                0x08002640       0x2c e:/stm32+clion/gcc-arm-none-eabi-9-2020-q2-update-win32/bin/../lib/gcc/arm-none-eabi/9.3.1/../../../../arm-none-eabi/lib/thumb/v7e-m/nofp\libg.a(lib_a-fini.o)
                0x08002640                __libc_fini_array
 .text.__retarget_lock_acquire_recursive
                0x0800266c        0x4 e:/stm32+clion/gcc-arm-none-eabi-9-2020-q2-update-win32/bin/../lib/gcc/arm-none-eabi/9.3.1/../../../../arm-none-eabi/lib/thumb/v7e-m/nofp\libg.a(lib_a-lock.o)
                0x0800266c                __retarget_lock_acquire_recursive
 .text.__retarget_lock_release_recursive
                0x08002670        0x4 e:/stm32+clion/gcc-arm-none-eabi-9-2020-q2-update-win32/bin/../lib/gcc/arm-none-eabi/9.3.1/../../../../arm-none-eabi/lib/thumb/v7e-m/nofp\libg.a(lib_a-lock.o)
                0x08002670                __retarget_lock_release_recursive
 .text.__register_exitproc
                0x08002674       0x8c e:/stm32+clion/gcc-arm-none-eabi-9-2020-q2-update-win32/bin/../lib/gcc/arm-none-eabi/9.3.1/../../../../arm-none-eabi/lib/thumb/v7e-m/nofp\libg.a(lib_a-__atexit.o)
                0x08002674                __register_exitproc
 *(.glue_7)
 .glue_7        0x08002700        0x0 linker stubs
 *(.glue_7t)
 .glue_7t       0x08002700        0x0 linker stubs
 *(.eh_frame)
 .eh_frame      0x08002700        0x0 e:/stm32+clion/gcc-arm-none-eabi-9-2020-q2-update-win32/bin/../lib/gcc/arm-none-eabi/9.3.1/thumb/v7e-m/nofp/crtbegin.o
 *(.init)
 .init          0x08002700        0x4 e:/stm32+clion/gcc-arm-none-eabi-9-2020-q2-update-win32/bin/../lib/gcc/arm-none-eabi/9.3.1/thumb/v7e-m/nofp/crti.o
                0x08002700                _init
 .init          0x08002704        0x8 e:/stm32+clion/gcc-arm-none-eabi-9-2020-q2-update-win32/bin/../lib/gcc/arm-none-eabi/9.3.1/thumb/v7e-m/nofp/crtn.o
 *(.fini)
 .fini          0x0800270c        0x4 e:/stm32+clion/gcc-arm-none-eabi-9-2020-q2-update-win32/bin/../lib/gcc/arm-none-eabi/9.3.1/thumb/v7e-m/nofp/crti.o
                0x0800270c                _fini
 .fini          0x08002710        0x8 e:/stm32+clion/gcc-arm-none-eabi-9-2020-q2-update-win32/bin/../lib/gcc/arm-none-eabi/9.3.1/thumb/v7e-m/nofp/crtn.o
                0x08002718                . = ALIGN (0x4)
                0x08002718                _etext = .

.vfp11_veneer   0x08002718        0x0
 .vfp11_veneer  0x08002718        0x0 linker stubs

.v4_bx          0x08002718        0x0
 .v4_bx         0x08002718        0x0 linker stubs

.iplt           0x08002718        0x0
 .iplt          0x08002718        0x0 e:/stm32+clion/gcc-arm-none-eabi-9-2020-q2-update-win32/bin/../lib/gcc/arm-none-eabi/9.3.1/thumb/v7e-m/nofp/crtbegin.o

.rodata         0x08002718       0x24
                0x08002718                . = ALIGN (0x4)
 *(.rodata)
 *(.rodata*)
 .rodata.AHBPrescTable
                0x08002718       0x10 CMakeFiles/DEMO2.elf.dir/Core/Src/system_stm32f4xx.c.obj
                0x08002718                AHBPrescTable
 .rodata.APBPrescTable
                0x08002728        0x8 CMakeFiles/DEMO2.elf.dir/Core/Src/system_stm32f4xx.c.obj
                0x08002728                APBPrescTable
 .rodata.flagBitshiftOffset.6885
                0x08002730        0x8 CMakeFiles/DEMO2.elf.dir/Drivers/STM32F4xx_HAL_Driver/Src/stm32f4xx_hal_dma.c.obj
 .rodata._global_impure_ptr
                0x08002738        0x4 e:/stm32+clion/gcc-arm-none-eabi-9-2020-q2-update-win32/bin/../lib/gcc/arm-none-eabi/9.3.1/../../../../arm-none-eabi/lib/thumb/v7e-m/nofp\libg.a(lib_a-impure.o)
                0x08002738                _global_impure_ptr
                0x0800273c                . = ALIGN (0x4)

.ARM.extab
 *(.ARM.extab* .gnu.linkonce.armextab.*)

.ARM            0x0800273c        0x8
                0x0800273c                __exidx_start = .
 *(.ARM.exidx*)
 .ARM.exidx     0x0800273c        0x8 e:/stm32+clion/gcc-arm-none-eabi-9-2020-q2-update-win32/bin/../lib/gcc/arm-none-eabi/9.3.1/thumb/v7e-m/nofp\libgcc.a(_udivmoddi4.o)
                0x08002744                __exidx_end = .

.rel.dyn        0x08002744        0x0
 .rel.iplt      0x08002744        0x0 e:/stm32+clion/gcc-arm-none-eabi-9-2020-q2-update-win32/bin/../lib/gcc/arm-none-eabi/9.3.1/thumb/v7e-m/nofp/crtbegin.o

.preinit_array  0x08002744        0x0
                0x08002744                PROVIDE (__preinit_array_start = .)
 *(.preinit_array*)
                0x08002744                PROVIDE (__preinit_array_end = .)

.init_array     0x08002744        0x8
                0x08002744                PROVIDE (__init_array_start = .)
 *(SORT_BY_NAME(.init_array.*))
 .init_array.00000
                0x08002744        0x4 e:/stm32+clion/gcc-arm-none-eabi-9-2020-q2-update-win32/bin/../lib/gcc/arm-none-eabi/9.3.1/../../../../arm-none-eabi/lib/thumb/v7e-m/nofp\libg.a(lib_a-__call_atexit.o)
 *(.init_array*)
 .init_array    0x08002748        0x4 e:/stm32+clion/gcc-arm-none-eabi-9-2020-q2-update-win32/bin/../lib/gcc/arm-none-eabi/9.3.1/thumb/v7e-m/nofp/crtbegin.o
                0x0800274c                PROVIDE (__init_array_end = .)

.fini_array     0x0800274c        0x4
                0x0800274c                PROVIDE (__fini_array_start = .)
 *(SORT_BY_NAME(.fini_array.*))
 *(.fini_array*)
 .fini_array    0x0800274c        0x4 e:/stm32+clion/gcc-arm-none-eabi-9-2020-q2-update-win32/bin/../lib/gcc/arm-none-eabi/9.3.1/thumb/v7e-m/nofp/crtbegin.o
                0x08002750                PROVIDE (__fini_array_end = .)
                0x08002750                _sidata = LOADADDR (.data)

.data           0x20000000      0x43c load address 0x08002750
                0x20000000                . = ALIGN (0x4)
                0x20000000                _sdata = .
 *(.data)
 *(.data*)
 .data.SystemCoreClock
                0x20000000        0x4 CMakeFiles/DEMO2.elf.dir/Core/Src/system_stm32f4xx.c.obj
                0x20000000                SystemCoreClock
 .data.uwTickFreq
                0x20000004        0x1 CMakeFiles/DEMO2.elf.dir/Drivers/STM32F4xx_HAL_Driver/Src/stm32f4xx_hal.c.obj
                0x20000004                uwTickFreq
 *fill*         0x20000005        0x3 
 .data.uwTickPrio
                0x20000008        0x4 CMakeFiles/DEMO2.elf.dir/Drivers/STM32F4xx_HAL_Driver/Src/stm32f4xx_hal.c.obj
                0x20000008                uwTickPrio
 *fill*         0x2000000c        0x4 
 .data.impure_data
                0x20000010      0x428 e:/stm32+clion/gcc-arm-none-eabi-9-2020-q2-update-win32/bin/../lib/gcc/arm-none-eabi/9.3.1/../../../../arm-none-eabi/lib/thumb/v7e-m/nofp\libg.a(lib_a-impure.o)
 .data.__atexit_recursive_mutex
                0x20000438        0x4 e:/stm32+clion/gcc-arm-none-eabi-9-2020-q2-update-win32/bin/../lib/gcc/arm-none-eabi/9.3.1/../../../../arm-none-eabi/lib/thumb/v7e-m/nofp\libg.a(lib_a-__call_atexit.o)
                0x20000438                __atexit_recursive_mutex
                0x2000043c                . = ALIGN (0x4)
                0x2000043c                _edata = .
                0x08002b8c                _siccmram = LOADADDR (.ccmram)

.igot.plt       0x2000043c        0x0 load address 0x08002b8c
 .igot.plt      0x2000043c        0x0 e:/stm32+clion/gcc-arm-none-eabi-9-2020-q2-update-win32/bin/../lib/gcc/arm-none-eabi/9.3.1/thumb/v7e-m/nofp/crtbegin.o

.ccmram         0x10000000        0x0 load address 0x08002b8c
                0x10000000                . = ALIGN (0x4)
                0x10000000                _sccmram = .
 *(.ccmram)
 *(.ccmram*)
                0x10000000                . = ALIGN (0x4)
                0x10000000                _eccmram = .
                0x10000000                . = ALIGN (0x4)

.bss            0x2000043c      0x208
                0x2000043c                _sbss = .
                0x2000043c                __bss_start__ = _sbss
 *(.bss)
 .bss           0x2000043c       0x1c e:/stm32+clion/gcc-arm-none-eabi-9-2020-q2-update-win32/bin/../lib/gcc/arm-none-eabi/9.3.1/thumb/v7e-m/nofp/crtbegin.o
 *(.bss*)
 .bss.exit_flag
                0x20000458        0x1 CMakeFiles/DEMO2.elf.dir/Core/Board_task/bsp_key.c.obj
                0x20000458                exit_flag
 .bss.rising_falling_flag
                0x20000459        0x1 CMakeFiles/DEMO2.elf.dir/Core/Board_task/bsp_key.c.obj
                0x20000459                rising_falling_flag
 *fill*         0x2000045a        0x2 
 .bss.htim1     0x2000045c       0x40 CMakeFiles/DEMO2.elf.dir/Core/Src/tim.c.obj
                0x2000045c                htim1
 .bss.htim4     0x2000049c       0x40 CMakeFiles/DEMO2.elf.dir/Core/Src/tim.c.obj
                0x2000049c                htim4
 .bss.hdma_usart1_tx
                0x200004dc       0x60 CMakeFiles/DEMO2.elf.dir/Core/Src/usart.c.obj
                0x200004dc                hdma_usart1_tx
 .bss.hdma_usart3_rx
                0x2000053c       0x60 CMakeFiles/DEMO2.elf.dir/Core/Src/usart.c.obj
                0x2000053c                hdma_usart3_rx
 .bss.huart1    0x2000059c       0x40 CMakeFiles/DEMO2.elf.dir/Core/Src/usart.c.obj
                0x2000059c                huart1
 .bss.huart3    0x200005dc       0x40 CMakeFiles/DEMO2.elf.dir/Core/Src/usart.c.obj
                0x200005dc                huart3
 .bss.uwTick    0x2000061c        0x4 CMakeFiles/DEMO2.elf.dir/Drivers/STM32F4xx_HAL_Driver/Src/stm32f4xx_hal.c.obj
                0x2000061c                uwTick
 *(COMMON)
 COMMON         0x20000620       0x21 e:/stm32+clion/gcc-arm-none-eabi-9-2020-q2-update-win32/bin/../lib/gcc/arm-none-eabi/9.3.1/../../../../arm-none-eabi/lib/thumb/v7e-m/nofp\libg.a(lib_a-lock.o)
                0x20000620                __lock___atexit_recursive_mutex
                0x20000624                __lock___arc4random_mutex
                0x20000628                __lock___env_recursive_mutex
                0x2000062c                __lock___sinit_recursive_mutex
                0x20000630                __lock___malloc_recursive_mutex
                0x20000634                __lock___at_quick_exit_mutex
                0x20000638                __lock___dd_hash_mutex
                0x2000063c                __lock___tz_mutex
                0x20000640                __lock___sfp_recursive_mutex
                0x20000644                . = ALIGN (0x4)
 *fill*         0x20000641        0x3 
                0x20000644                _ebss = .
                0x20000644                __bss_end__ = _ebss

._user_heap_stack
                0x20000644      0x604
                0x20000648                . = ALIGN (0x8)
 *fill*         0x20000644        0x4 
                0x20000648                PROVIDE (end = .)
                [!provide]                PROVIDE (_end = .)
                0x20000848                . = (. + _Min_Heap_Size)
 *fill*         0x20000648      0x200 
                0x20000c48                . = (. + _Min_Stack_Size)
 *fill*         0x20000848      0x400 
                0x20000c48                . = ALIGN (0x8)

/DISCARD/
 libc.a(*)
 libm.a(*)
 libgcc.a(*)

.ARM.attributes
                0x00000000       0x2a
 *(.ARM.attributes)
 .ARM.attributes
                0x00000000       0x1e e:/stm32+clion/gcc-arm-none-eabi-9-2020-q2-update-win32/bin/../lib/gcc/arm-none-eabi/9.3.1/thumb/v7e-m/nofp/crti.o
 .ARM.attributes
                0x0000001e       0x2e e:/stm32+clion/gcc-arm-none-eabi-9-2020-q2-update-win32/bin/../lib/gcc/arm-none-eabi/9.3.1/thumb/v7e-m/nofp/crtbegin.o
 .ARM.attributes
                0x0000004c       0x2e CMakeFiles/DEMO2.elf.dir/Core/Board_task/bsp_key.c.obj
 .ARM.attributes
                0x0000007a       0x2e CMakeFiles/DEMO2.elf.dir/Core/Src/dma.c.obj
 .ARM.attributes
                0x000000a8       0x2e CMakeFiles/DEMO2.elf.dir/Core/Src/gpio.c.obj
 .ARM.attributes
                0x000000d6       0x2e CMakeFiles/DEMO2.elf.dir/Core/Src/main.c.obj
 .ARM.attributes
                0x00000104       0x2e CMakeFiles/DEMO2.elf.dir/Core/Src/stm32f4xx_hal_msp.c.obj
 .ARM.attributes
                0x00000132       0x2e CMakeFiles/DEMO2.elf.dir/Core/Src/stm32f4xx_it.c.obj
 .ARM.attributes
                0x00000160       0x2e CMakeFiles/DEMO2.elf.dir/Core/Src/system_stm32f4xx.c.obj
 .ARM.attributes
                0x0000018e       0x2e CMakeFiles/DEMO2.elf.dir/Core/Src/tim.c.obj
 .ARM.attributes
                0x000001bc       0x2e CMakeFiles/DEMO2.elf.dir/Core/Src/usart.c.obj
 .ARM.attributes
                0x000001ea       0x2e CMakeFiles/DEMO2.elf.dir/Drivers/STM32F4xx_HAL_Driver/Src/stm32f4xx_hal.c.obj
 .ARM.attributes
                0x00000218       0x2e CMakeFiles/DEMO2.elf.dir/Drivers/STM32F4xx_HAL_Driver/Src/stm32f4xx_hal_cortex.c.obj
 .ARM.attributes
                0x00000246       0x2e CMakeFiles/DEMO2.elf.dir/Drivers/STM32F4xx_HAL_Driver/Src/stm32f4xx_hal_dma.c.obj
 .ARM.attributes
                0x00000274       0x2e CMakeFiles/DEMO2.elf.dir/Drivers/STM32F4xx_HAL_Driver/Src/stm32f4xx_hal_gpio.c.obj
 .ARM.attributes
                0x000002a2       0x2e CMakeFiles/DEMO2.elf.dir/Drivers/STM32F4xx_HAL_Driver/Src/stm32f4xx_hal_rcc.c.obj
 .ARM.attributes
                0x000002d0       0x2e CMakeFiles/DEMO2.elf.dir/Drivers/STM32F4xx_HAL_Driver/Src/stm32f4xx_hal_tim.c.obj
 .ARM.attributes
                0x000002fe       0x2e CMakeFiles/DEMO2.elf.dir/Drivers/STM32F4xx_HAL_Driver/Src/stm32f4xx_hal_tim_ex.c.obj
 .ARM.attributes
                0x0000032c       0x2e CMakeFiles/DEMO2.elf.dir/Drivers/STM32F4xx_HAL_Driver/Src/stm32f4xx_hal_uart.c.obj
 .ARM.attributes
                0x0000035a       0x21 CMakeFiles/DEMO2.elf.dir/startup/startup_stm32f407xx.s.obj
 .ARM.attributes
                0x0000037b       0x1e e:/stm32+clion/gcc-arm-none-eabi-9-2020-q2-update-win32/bin/../lib/gcc/arm-none-eabi/9.3.1/thumb/v7e-m/nofp\libgcc.a(_aeabi_uldivmod.o)
 .ARM.attributes
                0x00000399       0x2e e:/stm32+clion/gcc-arm-none-eabi-9-2020-q2-update-win32/bin/../lib/gcc/arm-none-eabi/9.3.1/thumb/v7e-m/nofp\libgcc.a(_udivmoddi4.o)
 .ARM.attributes
                0x000003c7       0x1e e:/stm32+clion/gcc-arm-none-eabi-9-2020-q2-update-win32/bin/../lib/gcc/arm-none-eabi/9.3.1/thumb/v7e-m/nofp\libgcc.a(_dvmd_tls.o)
 .ARM.attributes
                0x000003e5       0x2e e:/stm32+clion/gcc-arm-none-eabi-9-2020-q2-update-win32/bin/../lib/gcc/arm-none-eabi/9.3.1/../../../../arm-none-eabi/lib/thumb/v7e-m/nofp\libg.a(lib_a-impure.o)
 .ARM.attributes
                0x00000413       0x2e e:/stm32+clion/gcc-arm-none-eabi-9-2020-q2-update-win32/bin/../lib/gcc/arm-none-eabi/9.3.1/../../../../arm-none-eabi/lib/thumb/v7e-m/nofp\libg.a(lib_a-init.o)
 .ARM.attributes
                0x00000441       0x2e e:/stm32+clion/gcc-arm-none-eabi-9-2020-q2-update-win32/bin/../lib/gcc/arm-none-eabi/9.3.1/../../../../arm-none-eabi/lib/thumb/v7e-m/nofp\libg.a(lib_a-memset.o)
 .ARM.attributes
                0x0000046f       0x2e e:/stm32+clion/gcc-arm-none-eabi-9-2020-q2-update-win32/bin/../lib/gcc/arm-none-eabi/9.3.1/../../../../arm-none-eabi/lib/thumb/v7e-m/nofp\libg.a(lib_a-__call_atexit.o)
 .ARM.attributes
                0x0000049d       0x2e e:/stm32+clion/gcc-arm-none-eabi-9-2020-q2-update-win32/bin/../lib/gcc/arm-none-eabi/9.3.1/../../../../arm-none-eabi/lib/thumb/v7e-m/nofp\libg.a(lib_a-atexit.o)
 .ARM.attributes
                0x000004cb       0x2e e:/stm32+clion/gcc-arm-none-eabi-9-2020-q2-update-win32/bin/../lib/gcc/arm-none-eabi/9.3.1/../../../../arm-none-eabi/lib/thumb/v7e-m/nofp\libg.a(lib_a-fini.o)
 .ARM.attributes
                0x000004f9       0x2e e:/stm32+clion/gcc-arm-none-eabi-9-2020-q2-update-win32/bin/../lib/gcc/arm-none-eabi/9.3.1/../../../../arm-none-eabi/lib/thumb/v7e-m/nofp\libg.a(lib_a-lock.o)
 .ARM.attributes
                0x00000527       0x2e e:/stm32+clion/gcc-arm-none-eabi-9-2020-q2-update-win32/bin/../lib/gcc/arm-none-eabi/9.3.1/../../../../arm-none-eabi/lib/thumb/v7e-m/nofp\libg.a(lib_a-__atexit.o)
 .ARM.attributes
                0x00000555       0x1e e:/stm32+clion/gcc-arm-none-eabi-9-2020-q2-update-win32/bin/../lib/gcc/arm-none-eabi/9.3.1/thumb/v7e-m/nofp/crtn.o
OUTPUT(DEMO2.elf elf32-littlearm)
LOAD linker stubs
LOAD e:/stm32+clion/gcc-arm-none-eabi-9-2020-q2-update-win32/bin/../lib/gcc/arm-none-eabi/9.3.1/../../../../arm-none-eabi/lib/thumb/v7e-m/nofp\libc.a
LOAD e:/stm32+clion/gcc-arm-none-eabi-9-2020-q2-update-win32/bin/../lib/gcc/arm-none-eabi/9.3.1/../../../../arm-none-eabi/lib/thumb/v7e-m/nofp\libm.a
LOAD e:/stm32+clion/gcc-arm-none-eabi-9-2020-q2-update-win32/bin/../lib/gcc/arm-none-eabi/9.3.1/thumb/v7e-m/nofp\libgcc.a

.debug_info     0x00000000     0xf5c7
 .debug_info    0x00000000      0x392 CMakeFiles/DEMO2.elf.dir/Core/Board_task/bsp_key.c.obj
 .debug_info    0x00000392      0x639 CMakeFiles/DEMO2.elf.dir/Core/Src/dma.c.obj
 .debug_info    0x000009cb      0x810 CMakeFiles/DEMO2.elf.dir/Core/Src/gpio.c.obj
 .debug_info    0x000011db      0xe4c CMakeFiles/DEMO2.elf.dir/Core/Src/main.c.obj
 .debug_info    0x00002027      0x390 CMakeFiles/DEMO2.elf.dir/Core/Src/stm32f4xx_hal_msp.c.obj
 .debug_info    0x000023b7      0xa8e CMakeFiles/DEMO2.elf.dir/Core/Src/stm32f4xx_it.c.obj
 .debug_info    0x00002e45      0x5b9 CMakeFiles/DEMO2.elf.dir/Core/Src/system_stm32f4xx.c.obj
 .debug_info    0x000033fe     0x105a CMakeFiles/DEMO2.elf.dir/Core/Src/tim.c.obj
 .debug_info    0x00004458      0xe6a CMakeFiles/DEMO2.elf.dir/Core/Src/usart.c.obj
 .debug_info    0x000052c2      0xa79 CMakeFiles/DEMO2.elf.dir/Drivers/STM32F4xx_HAL_Driver/Src/stm32f4xx_hal.c.obj
 .debug_info    0x00005d3b     0x1154 CMakeFiles/DEMO2.elf.dir/Drivers/STM32F4xx_HAL_Driver/Src/stm32f4xx_hal_cortex.c.obj
 .debug_info    0x00006e8f      0xbed CMakeFiles/DEMO2.elf.dir/Drivers/STM32F4xx_HAL_Driver/Src/stm32f4xx_hal_dma.c.obj
 .debug_info    0x00007a7c      0x86f CMakeFiles/DEMO2.elf.dir/Drivers/STM32F4xx_HAL_Driver/Src/stm32f4xx_hal_gpio.c.obj
 .debug_info    0x000082eb      0xb5d CMakeFiles/DEMO2.elf.dir/Drivers/STM32F4xx_HAL_Driver/Src/stm32f4xx_hal_rcc.c.obj
 .debug_info    0x00008e48     0x36b9 CMakeFiles/DEMO2.elf.dir/Drivers/STM32F4xx_HAL_Driver/Src/stm32f4xx_hal_tim.c.obj
 .debug_info    0x0000c501     0x16f7 CMakeFiles/DEMO2.elf.dir/Drivers/STM32F4xx_HAL_Driver/Src/stm32f4xx_hal_tim_ex.c.obj
 .debug_info    0x0000dbf8     0x19ad CMakeFiles/DEMO2.elf.dir/Drivers/STM32F4xx_HAL_Driver/Src/stm32f4xx_hal_uart.c.obj
 .debug_info    0x0000f5a5       0x22 CMakeFiles/DEMO2.elf.dir/startup/startup_stm32f407xx.s.obj

.debug_abbrev   0x00000000     0x2392
 .debug_abbrev  0x00000000      0x160 CMakeFiles/DEMO2.elf.dir/Core/Board_task/bsp_key.c.obj
 .debug_abbrev  0x00000160      0x153 CMakeFiles/DEMO2.elf.dir/Core/Src/dma.c.obj
 .debug_abbrev  0x000002b3      0x197 CMakeFiles/DEMO2.elf.dir/Core/Src/gpio.c.obj
 .debug_abbrev  0x0000044a      0x226 CMakeFiles/DEMO2.elf.dir/Core/Src/main.c.obj
 .debug_abbrev  0x00000670      0x11a CMakeFiles/DEMO2.elf.dir/Core/Src/stm32f4xx_hal_msp.c.obj
 .debug_abbrev  0x0000078a      0x1d9 CMakeFiles/DEMO2.elf.dir/Core/Src/stm32f4xx_it.c.obj
 .debug_abbrev  0x00000963      0x148 CMakeFiles/DEMO2.elf.dir/Core/Src/system_stm32f4xx.c.obj
 .debug_abbrev  0x00000aab      0x209 CMakeFiles/DEMO2.elf.dir/Core/Src/tim.c.obj
 .debug_abbrev  0x00000cb4      0x1fe CMakeFiles/DEMO2.elf.dir/Core/Src/usart.c.obj
 .debug_abbrev  0x00000eb2      0x219 CMakeFiles/DEMO2.elf.dir/Drivers/STM32F4xx_HAL_Driver/Src/stm32f4xx_hal.c.obj
 .debug_abbrev  0x000010cb      0x390 CMakeFiles/DEMO2.elf.dir/Drivers/STM32F4xx_HAL_Driver/Src/stm32f4xx_hal_cortex.c.obj
 .debug_abbrev  0x0000145b      0x2d5 CMakeFiles/DEMO2.elf.dir/Drivers/STM32F4xx_HAL_Driver/Src/stm32f4xx_hal_dma.c.obj
 .debug_abbrev  0x00001730      0x21c CMakeFiles/DEMO2.elf.dir/Drivers/STM32F4xx_HAL_Driver/Src/stm32f4xx_hal_gpio.c.obj
 .debug_abbrev  0x0000194c      0x2ae CMakeFiles/DEMO2.elf.dir/Drivers/STM32F4xx_HAL_Driver/Src/stm32f4xx_hal_rcc.c.obj
 .debug_abbrev  0x00001bfa      0x258 CMakeFiles/DEMO2.elf.dir/Drivers/STM32F4xx_HAL_Driver/Src/stm32f4xx_hal_tim.c.obj
 .debug_abbrev  0x00001e52      0x26e CMakeFiles/DEMO2.elf.dir/Drivers/STM32F4xx_HAL_Driver/Src/stm32f4xx_hal_tim_ex.c.obj
 .debug_abbrev  0x000020c0      0x2c0 CMakeFiles/DEMO2.elf.dir/Drivers/STM32F4xx_HAL_Driver/Src/stm32f4xx_hal_uart.c.obj
 .debug_abbrev  0x00002380       0x12 CMakeFiles/DEMO2.elf.dir/startup/startup_stm32f407xx.s.obj

.debug_loc      0x00000000     0x86dd
 .debug_loc     0x00000000       0x42 CMakeFiles/DEMO2.elf.dir/Core/Board_task/bsp_key.c.obj
 .debug_loc     0x00000042      0x16c CMakeFiles/DEMO2.elf.dir/Core/Src/system_stm32f4xx.c.obj
 .debug_loc     0x000001ae       0xe0 CMakeFiles/DEMO2.elf.dir/Core/Src/tim.c.obj
 .debug_loc     0x0000028e       0xac CMakeFiles/DEMO2.elf.dir/Core/Src/usart.c.obj
 .debug_loc     0x0000033a      0x141 CMakeFiles/DEMO2.elf.dir/Drivers/STM32F4xx_HAL_Driver/Src/stm32f4xx_hal.c.obj
 .debug_loc     0x0000047b      0x744 CMakeFiles/DEMO2.elf.dir/Drivers/STM32F4xx_HAL_Driver/Src/stm32f4xx_hal_cortex.c.obj
 .debug_loc     0x00000bbf      0xbf9 CMakeFiles/DEMO2.elf.dir/Drivers/STM32F4xx_HAL_Driver/Src/stm32f4xx_hal_dma.c.obj
 .debug_loc     0x000017b8      0x4ff CMakeFiles/DEMO2.elf.dir/Drivers/STM32F4xx_HAL_Driver/Src/stm32f4xx_hal_gpio.c.obj
 .debug_loc     0x00001cb7      0x56f CMakeFiles/DEMO2.elf.dir/Drivers/STM32F4xx_HAL_Driver/Src/stm32f4xx_hal_rcc.c.obj
 .debug_loc     0x00002226     0x3a8e CMakeFiles/DEMO2.elf.dir/Drivers/STM32F4xx_HAL_Driver/Src/stm32f4xx_hal_tim.c.obj
 .debug_loc     0x00005cb4     0x1164 CMakeFiles/DEMO2.elf.dir/Drivers/STM32F4xx_HAL_Driver/Src/stm32f4xx_hal_tim_ex.c.obj
 .debug_loc     0x00006e18     0x18c5 CMakeFiles/DEMO2.elf.dir/Drivers/STM32F4xx_HAL_Driver/Src/stm32f4xx_hal_uart.c.obj

.debug_aranges  0x00000000      0xbd8
 .debug_aranges
                0x00000000       0x28 CMakeFiles/DEMO2.elf.dir/Core/Board_task/bsp_key.c.obj
 .debug_aranges
                0x00000028       0x20 CMakeFiles/DEMO2.elf.dir/Core/Src/dma.c.obj
 .debug_aranges
                0x00000048       0x20 CMakeFiles/DEMO2.elf.dir/Core/Src/gpio.c.obj
 .debug_aranges
                0x00000068       0x30 CMakeFiles/DEMO2.elf.dir/Core/Src/main.c.obj
 .debug_aranges
                0x00000098       0x20 CMakeFiles/DEMO2.elf.dir/Core/Src/stm32f4xx_hal_msp.c.obj
 .debug_aranges
                0x000000b8       0x88 CMakeFiles/DEMO2.elf.dir/Core/Src/stm32f4xx_it.c.obj
 .debug_aranges
                0x00000140       0x28 CMakeFiles/DEMO2.elf.dir/Core/Src/system_stm32f4xx.c.obj
 .debug_aranges
                0x00000168       0x40 CMakeFiles/DEMO2.elf.dir/Core/Src/tim.c.obj
 .debug_aranges
                0x000001a8       0x38 CMakeFiles/DEMO2.elf.dir/Core/Src/usart.c.obj
 .debug_aranges
                0x000001e0       0xf0 CMakeFiles/DEMO2.elf.dir/Drivers/STM32F4xx_HAL_Driver/Src/stm32f4xx_hal.c.obj
 .debug_aranges
                0x000002d0       0xa8 CMakeFiles/DEMO2.elf.dir/Drivers/STM32F4xx_HAL_Driver/Src/stm32f4xx_hal_cortex.c.obj
 .debug_aranges
                0x00000378       0x90 CMakeFiles/DEMO2.elf.dir/Drivers/STM32F4xx_HAL_Driver/Src/stm32f4xx_hal_dma.c.obj
 .debug_aranges
                0x00000408       0x58 CMakeFiles/DEMO2.elf.dir/Drivers/STM32F4xx_HAL_Driver/Src/stm32f4xx_hal_gpio.c.obj
 .debug_aranges
                0x00000460       0x88 CMakeFiles/DEMO2.elf.dir/Drivers/STM32F4xx_HAL_Driver/Src/stm32f4xx_hal_rcc.c.obj
 .debug_aranges
                0x000004e8      0x3a8 CMakeFiles/DEMO2.elf.dir/Drivers/STM32F4xx_HAL_Driver/Src/stm32f4xx_hal_tim.c.obj
 .debug_aranges
                0x00000890      0x150 CMakeFiles/DEMO2.elf.dir/Drivers/STM32F4xx_HAL_Driver/Src/stm32f4xx_hal_tim_ex.c.obj
 .debug_aranges
                0x000009e0      0x1d0 CMakeFiles/DEMO2.elf.dir/Drivers/STM32F4xx_HAL_Driver/Src/stm32f4xx_hal_uart.c.obj
 .debug_aranges
                0x00000bb0       0x28 CMakeFiles/DEMO2.elf.dir/startup/startup_stm32f407xx.s.obj

.debug_ranges   0x00000000      0xb38
 .debug_ranges  0x00000000       0x18 CMakeFiles/DEMO2.elf.dir/Core/Board_task/bsp_key.c.obj
 .debug_ranges  0x00000018       0x10 CMakeFiles/DEMO2.elf.dir/Core/Src/dma.c.obj
 .debug_ranges  0x00000028       0x10 CMakeFiles/DEMO2.elf.dir/Core/Src/gpio.c.obj
 .debug_ranges  0x00000038       0x20 CMakeFiles/DEMO2.elf.dir/Core/Src/main.c.obj
 .debug_ranges  0x00000058       0x10 CMakeFiles/DEMO2.elf.dir/Core/Src/stm32f4xx_hal_msp.c.obj
 .debug_ranges  0x00000068       0x78 CMakeFiles/DEMO2.elf.dir/Core/Src/stm32f4xx_it.c.obj
 .debug_ranges  0x000000e0       0x18 CMakeFiles/DEMO2.elf.dir/Core/Src/system_stm32f4xx.c.obj
 .debug_ranges  0x000000f8       0x30 CMakeFiles/DEMO2.elf.dir/Core/Src/tim.c.obj
 .debug_ranges  0x00000128       0x28 CMakeFiles/DEMO2.elf.dir/Core/Src/usart.c.obj
 .debug_ranges  0x00000150       0xe0 CMakeFiles/DEMO2.elf.dir/Drivers/STM32F4xx_HAL_Driver/Src/stm32f4xx_hal.c.obj
 .debug_ranges  0x00000230       0xf8 CMakeFiles/DEMO2.elf.dir/Drivers/STM32F4xx_HAL_Driver/Src/stm32f4xx_hal_cortex.c.obj
 .debug_ranges  0x00000328       0x80 CMakeFiles/DEMO2.elf.dir/Drivers/STM32F4xx_HAL_Driver/Src/stm32f4xx_hal_dma.c.obj
 .debug_ranges  0x000003a8       0x48 CMakeFiles/DEMO2.elf.dir/Drivers/STM32F4xx_HAL_Driver/Src/stm32f4xx_hal_gpio.c.obj
 .debug_ranges  0x000003f0       0x90 CMakeFiles/DEMO2.elf.dir/Drivers/STM32F4xx_HAL_Driver/Src/stm32f4xx_hal_rcc.c.obj
 .debug_ranges  0x00000480      0x398 CMakeFiles/DEMO2.elf.dir/Drivers/STM32F4xx_HAL_Driver/Src/stm32f4xx_hal_tim.c.obj
 .debug_ranges  0x00000818      0x140 CMakeFiles/DEMO2.elf.dir/Drivers/STM32F4xx_HAL_Driver/Src/stm32f4xx_hal_tim_ex.c.obj
 .debug_ranges  0x00000958      0x1c0 CMakeFiles/DEMO2.elf.dir/Drivers/STM32F4xx_HAL_Driver/Src/stm32f4xx_hal_uart.c.obj
 .debug_ranges  0x00000b18       0x20 CMakeFiles/DEMO2.elf.dir/startup/startup_stm32f407xx.s.obj

.debug_line     0x00000000     0xb626
 .debug_line    0x00000000      0x307 CMakeFiles/DEMO2.elf.dir/Core/Board_task/bsp_key.c.obj
 .debug_line    0x00000307      0x246 CMakeFiles/DEMO2.elf.dir/Core/Src/dma.c.obj
 .debug_line    0x0000054d      0x2b2 CMakeFiles/DEMO2.elf.dir/Core/Src/gpio.c.obj
 .debug_line    0x000007ff      0x3d8 CMakeFiles/DEMO2.elf.dir/Core/Src/main.c.obj
 .debug_line    0x00000bd7      0x237 CMakeFiles/DEMO2.elf.dir/Core/Src/stm32f4xx_hal_msp.c.obj
 .debug_line    0x00000e0e      0x3f9 CMakeFiles/DEMO2.elf.dir/Core/Src/stm32f4xx_it.c.obj
 .debug_line    0x00001207      0x2f4 CMakeFiles/DEMO2.elf.dir/Core/Src/system_stm32f4xx.c.obj
 .debug_line    0x000014fb      0x532 CMakeFiles/DEMO2.elf.dir/Core/Src/tim.c.obj
 .debug_line    0x00001a2d      0x547 CMakeFiles/DEMO2.elf.dir/Core/Src/usart.c.obj
 .debug_line    0x00001f74      0x5d3 CMakeFiles/DEMO2.elf.dir/Drivers/STM32F4xx_HAL_Driver/Src/stm32f4xx_hal.c.obj
 .debug_line    0x00002547      0x810 CMakeFiles/DEMO2.elf.dir/Drivers/STM32F4xx_HAL_Driver/Src/stm32f4xx_hal_cortex.c.obj
 .debug_line    0x00002d57      0xe95 CMakeFiles/DEMO2.elf.dir/Drivers/STM32F4xx_HAL_Driver/Src/stm32f4xx_hal_dma.c.obj
 .debug_line    0x00003bec      0x797 CMakeFiles/DEMO2.elf.dir/Drivers/STM32F4xx_HAL_Driver/Src/stm32f4xx_hal_gpio.c.obj
 .debug_line    0x00004383      0xba2 CMakeFiles/DEMO2.elf.dir/Drivers/STM32F4xx_HAL_Driver/Src/stm32f4xx_hal_rcc.c.obj
 .debug_line    0x00004f25     0x3735 CMakeFiles/DEMO2.elf.dir/Drivers/STM32F4xx_HAL_Driver/Src/stm32f4xx_hal_tim.c.obj
 .debug_line    0x0000865a     0x1261 CMakeFiles/DEMO2.elf.dir/Drivers/STM32F4xx_HAL_Driver/Src/stm32f4xx_hal_tim_ex.c.obj
 .debug_line    0x000098bb     0x1cd7 CMakeFiles/DEMO2.elf.dir/Drivers/STM32F4xx_HAL_Driver/Src/stm32f4xx_hal_uart.c.obj
 .debug_line    0x0000b592       0x94 CMakeFiles/DEMO2.elf.dir/startup/startup_stm32f407xx.s.obj

.debug_str      0x00000000     0x3b16
 .debug_str     0x00000000      0x332 CMakeFiles/DEMO2.elf.dir/Core/Board_task/bsp_key.c.obj
                                0x38f (size before relaxing)
 .debug_str     0x00000332      0x648 CMakeFiles/DEMO2.elf.dir/Core/Src/dma.c.obj
                                0x8be (size before relaxing)
 .debug_str     0x0000097a       0x8c CMakeFiles/DEMO2.elf.dir/Core/Src/gpio.c.obj
                                0x97d (size before relaxing)
 .debug_str     0x00000a06      0x7cf CMakeFiles/DEMO2.elf.dir/Core/Src/main.c.obj
                                0xbd4 (size before relaxing)
 .debug_str     0x000011d5       0x42 CMakeFiles/DEMO2.elf.dir/Core/Src/stm32f4xx_hal_msp.c.obj
                                0x3b6 (size before relaxing)
 .debug_str     0x00001217      0x1aa CMakeFiles/DEMO2.elf.dir/Core/Src/stm32f4xx_it.c.obj
                                0xa0b (size before relaxing)
 .debug_str     0x000013c1       0xc5 CMakeFiles/DEMO2.elf.dir/Core/Src/system_stm32f4xx.c.obj
                                0x432 (size before relaxing)
 .debug_str     0x00001486      0x214 CMakeFiles/DEMO2.elf.dir/Core/Src/tim.c.obj
                                0xfad (size before relaxing)
 .debug_str     0x0000169a       0x93 CMakeFiles/DEMO2.elf.dir/Core/Src/usart.c.obj
                                0xe3f (size before relaxing)
 .debug_str     0x0000172d      0x2ec CMakeFiles/DEMO2.elf.dir/Drivers/STM32F4xx_HAL_Driver/Src/stm32f4xx_hal.c.obj
                                0xbc4 (size before relaxing)
 .debug_str     0x00001a19      0x443 CMakeFiles/DEMO2.elf.dir/Drivers/STM32F4xx_HAL_Driver/Src/stm32f4xx_hal_cortex.c.obj
                                0xd03 (size before relaxing)
 .debug_str     0x00001e5c      0x2fb CMakeFiles/DEMO2.elf.dir/Drivers/STM32F4xx_HAL_Driver/Src/stm32f4xx_hal_dma.c.obj
                                0x84f (size before relaxing)
 .debug_str     0x00002157       0xf4 CMakeFiles/DEMO2.elf.dir/Drivers/STM32F4xx_HAL_Driver/Src/stm32f4xx_hal_gpio.c.obj
                                0x5c9 (size before relaxing)
 .debug_str     0x0000224b      0x1a9 CMakeFiles/DEMO2.elf.dir/Drivers/STM32F4xx_HAL_Driver/Src/stm32f4xx_hal_rcc.c.obj
                                0x7a7 (size before relaxing)
 .debug_str     0x000023f4      0xcdf CMakeFiles/DEMO2.elf.dir/Drivers/STM32F4xx_HAL_Driver/Src/stm32f4xx_hal_tim.c.obj
                               0x15a6 (size before relaxing)
 .debug_str     0x000030d3      0x4ee CMakeFiles/DEMO2.elf.dir/Drivers/STM32F4xx_HAL_Driver/Src/stm32f4xx_hal_tim_ex.c.obj
                                0xdbe (size before relaxing)
 .debug_str     0x000035c1      0x510 CMakeFiles/DEMO2.elf.dir/Drivers/STM32F4xx_HAL_Driver/Src/stm32f4xx_hal_uart.c.obj
                                0xd0a (size before relaxing)
 .debug_str     0x00003ad1       0x45 CMakeFiles/DEMO2.elf.dir/startup/startup_stm32f407xx.s.obj
                                 0x70 (size before relaxing)

.comment        0x00000000       0x4c
 .comment       0x00000000       0x4c CMakeFiles/DEMO2.elf.dir/Core/Board_task/bsp_key.c.obj
                                 0x4d (size before relaxing)
 .comment       0x0000004c       0x4d CMakeFiles/DEMO2.elf.dir/Core/Src/dma.c.obj
 .comment       0x0000004c       0x4d CMakeFiles/DEMO2.elf.dir/Core/Src/gpio.c.obj
 .comment       0x0000004c       0x4d CMakeFiles/DEMO2.elf.dir/Core/Src/main.c.obj
 .comment       0x0000004c       0x4d CMakeFiles/DEMO2.elf.dir/Core/Src/stm32f4xx_hal_msp.c.obj
 .comment       0x0000004c       0x4d CMakeFiles/DEMO2.elf.dir/Core/Src/stm32f4xx_it.c.obj
 .comment       0x0000004c       0x4d CMakeFiles/DEMO2.elf.dir/Core/Src/system_stm32f4xx.c.obj
 .comment       0x0000004c       0x4d CMakeFiles/DEMO2.elf.dir/Core/Src/tim.c.obj
 .comment       0x0000004c       0x4d CMakeFiles/DEMO2.elf.dir/Core/Src/usart.c.obj
 .comment       0x0000004c       0x4d CMakeFiles/DEMO2.elf.dir/Drivers/STM32F4xx_HAL_Driver/Src/stm32f4xx_hal.c.obj
 .comment       0x0000004c       0x4d CMakeFiles/DEMO2.elf.dir/Drivers/STM32F4xx_HAL_Driver/Src/stm32f4xx_hal_cortex.c.obj
 .comment       0x0000004c       0x4d CMakeFiles/DEMO2.elf.dir/Drivers/STM32F4xx_HAL_Driver/Src/stm32f4xx_hal_dma.c.obj
 .comment       0x0000004c       0x4d CMakeFiles/DEMO2.elf.dir/Drivers/STM32F4xx_HAL_Driver/Src/stm32f4xx_hal_gpio.c.obj
 .comment       0x0000004c       0x4d CMakeFiles/DEMO2.elf.dir/Drivers/STM32F4xx_HAL_Driver/Src/stm32f4xx_hal_rcc.c.obj
 .comment       0x0000004c       0x4d CMakeFiles/DEMO2.elf.dir/Drivers/STM32F4xx_HAL_Driver/Src/stm32f4xx_hal_tim.c.obj
 .comment       0x0000004c       0x4d CMakeFiles/DEMO2.elf.dir/Drivers/STM32F4xx_HAL_Driver/Src/stm32f4xx_hal_tim_ex.c.obj
 .comment       0x0000004c       0x4d CMakeFiles/DEMO2.elf.dir/Drivers/STM32F4xx_HAL_Driver/Src/stm32f4xx_hal_uart.c.obj

.debug_frame    0x00000000     0x2028
 .debug_frame   0x00000000       0x40 CMakeFiles/DEMO2.elf.dir/Core/Board_task/bsp_key.c.obj
 .debug_frame   0x00000040       0x30 CMakeFiles/DEMO2.elf.dir/Core/Src/dma.c.obj
 .debug_frame   0x00000070       0x34 CMakeFiles/DEMO2.elf.dir/Core/Src/gpio.c.obj
 .debug_frame   0x000000a4       0x58 CMakeFiles/DEMO2.elf.dir/Core/Src/main.c.obj
 .debug_frame   0x000000fc       0x28 CMakeFiles/DEMO2.elf.dir/Core/Src/stm32f4xx_hal_msp.c.obj
 .debug_frame   0x00000124      0x120 CMakeFiles/DEMO2.elf.dir/Core/Src/stm32f4xx_it.c.obj
 .debug_frame   0x00000244       0x30 CMakeFiles/DEMO2.elf.dir/Core/Src/system_stm32f4xx.c.obj
 .debug_frame   0x00000274       0xa8 CMakeFiles/DEMO2.elf.dir/Core/Src/tim.c.obj
 .debug_frame   0x0000031c       0x7c CMakeFiles/DEMO2.elf.dir/Core/Src/usart.c.obj
 .debug_frame   0x00000398      0x1ec CMakeFiles/DEMO2.elf.dir/Drivers/STM32F4xx_HAL_Driver/Src/stm32f4xx_hal.c.obj
 .debug_frame   0x00000584      0x15c CMakeFiles/DEMO2.elf.dir/Drivers/STM32F4xx_HAL_Driver/Src/stm32f4xx_hal_cortex.c.obj
 .debug_frame   0x000006e0      0x188 CMakeFiles/DEMO2.elf.dir/Drivers/STM32F4xx_HAL_Driver/Src/stm32f4xx_hal_dma.c.obj
 .debug_frame   0x00000868       0xd8 CMakeFiles/DEMO2.elf.dir/Drivers/STM32F4xx_HAL_Driver/Src/stm32f4xx_hal_gpio.c.obj
 .debug_frame   0x00000940      0x174 CMakeFiles/DEMO2.elf.dir/Drivers/STM32F4xx_HAL_Driver/Src/stm32f4xx_hal_rcc.c.obj
 .debug_frame   0x00000ab4      0xa7c CMakeFiles/DEMO2.elf.dir/Drivers/STM32F4xx_HAL_Driver/Src/stm32f4xx_hal_tim.c.obj
 .debug_frame   0x00001530      0x3b4 CMakeFiles/DEMO2.elf.dir/Drivers/STM32F4xx_HAL_Driver/Src/stm32f4xx_hal_tim_ex.c.obj
 .debug_frame   0x000018e4      0x4ec CMakeFiles/DEMO2.elf.dir/Drivers/STM32F4xx_HAL_Driver/Src/stm32f4xx_hal_uart.c.obj
 .debug_frame   0x00001dd0       0x2c e:/stm32+clion/gcc-arm-none-eabi-9-2020-q2-update-win32/bin/../lib/gcc/arm-none-eabi/9.3.1/thumb/v7e-m/nofp\libgcc.a(_aeabi_uldivmod.o)
 .debug_frame   0x00001dfc       0x34 e:/stm32+clion/gcc-arm-none-eabi-9-2020-q2-update-win32/bin/../lib/gcc/arm-none-eabi/9.3.1/thumb/v7e-m/nofp\libgcc.a(_udivmoddi4.o)
 .debug_frame   0x00001e30       0x2c e:/stm32+clion/gcc-arm-none-eabi-9-2020-q2-update-win32/bin/../lib/gcc/arm-none-eabi/9.3.1/../../../../arm-none-eabi/lib/thumb/v7e-m/nofp\libg.a(lib_a-init.o)
 .debug_frame   0x00001e5c       0x38 e:/stm32+clion/gcc-arm-none-eabi-9-2020-q2-update-win32/bin/../lib/gcc/arm-none-eabi/9.3.1/../../../../arm-none-eabi/lib/thumb/v7e-m/nofp\libg.a(lib_a-memset.o)
 .debug_frame   0x00001e94       0x5c e:/stm32+clion/gcc-arm-none-eabi-9-2020-q2-update-win32/bin/../lib/gcc/arm-none-eabi/9.3.1/../../../../arm-none-eabi/lib/thumb/v7e-m/nofp\libg.a(lib_a-__call_atexit.o)
 .debug_frame   0x00001ef0       0x20 e:/stm32+clion/gcc-arm-none-eabi-9-2020-q2-update-win32/bin/../lib/gcc/arm-none-eabi/9.3.1/../../../../arm-none-eabi/lib/thumb/v7e-m/nofp\libg.a(lib_a-atexit.o)
 .debug_frame   0x00001f10       0x34 e:/stm32+clion/gcc-arm-none-eabi-9-2020-q2-update-win32/bin/../lib/gcc/arm-none-eabi/9.3.1/../../../../arm-none-eabi/lib/thumb/v7e-m/nofp\libg.a(lib_a-fini.o)
 .debug_frame   0x00001f44       0xb0 e:/stm32+clion/gcc-arm-none-eabi-9-2020-q2-update-win32/bin/../lib/gcc/arm-none-eabi/9.3.1/../../../../arm-none-eabi/lib/thumb/v7e-m/nofp\libg.a(lib_a-lock.o)
 .debug_frame   0x00001ff4       0x34 e:/stm32+clion/gcc-arm-none-eabi-9-2020-q2-update-win32/bin/../lib/gcc/arm-none-eabi/9.3.1/../../../../arm-none-eabi/lib/thumb/v7e-m/nofp\libg.a(lib_a-__atexit.o)
